
[tool start] ls

[tool start] read

[tool start] read

[tool start] read

[tool end] ls: ok

[tool end] read: ok

[tool end] read: ok

[tool end] read: ok

[tool start] ls

[tool start] bash

[tool end] ls: ok

[tool end] bash: ok

[tool start] bash

[tool start] bash

[tool end] bash: ok

[tool end] bash: error

[tool start] bash

[tool start] bash

[tool end] bash: ok

[tool end] bash: ok

[tool start] bash

[tool end] bash: ok

[tool start] bash

[tool end] bash: ok

[tool start] bash

[tool start] bash

[tool start] bash

[tool end] bash: ok

[tool end] bash: ok

[tool end] bash: ok

[tool start] bash

[tool start] bash

[tool end] bash: ok

[tool end] bash: ok

[tool start] bash

[tool start] bash

[tool end] bash: ok

[tool end] bash: ok

[tool start] bash

[tool start] bash

[tool end] bash: ok

[tool end] bash: ok

[tool start] bash

[tool start] bash

[tool end] bash: ok

[tool end] bash: ok

[tool start] bash

[tool start] bash

[tool end] bash: ok

[tool end] bash: ok

[tool start] bash

[tool end] bash: ok

[tool start] bash

[tool end] bash: ok

[tool start] bash

[tool end] bash: ok

[tool start] bash

[tool end] bash: ok

[tool start] bash

[tool end] bash: ok

[tool start] bash

[tool end] bash: ok

[tool start] bash

[tool end] bash: ok

[tool start] bash

[tool start] bash

[tool end] bash: ok

[tool end] bash: ok

[tool start] bash

[tool end] bash: ok

[tool start] bash

[tool start] bash

[tool end] bash: ok

[tool end] bash: ok

[tool start] bash

[tool end] bash: ok

[tool start] bash

[tool end] bash: ok

[tool start] bash

[tool end] bash: ok

[tool start] bash

[tool end] bash: ok

[tool start] bash

[tool end] bash: ok

[tool start] bash

[tool end] bash: ok

[tool start] bash

[tool end] bash: ok

[tool start] bash

[tool end] bash: ok

[tool start] bash

[tool start] bash

[tool end] bash: ok

[tool end] bash: ok

[tool start] bash

[tool end] bash: ok

[tool start] bash

[tool end] bash: ok

[tool start] bash

[tool end] bash: ok

[tool start] bash

[tool end] bash: ok

[tool start] bash

[tool end] bash: ok

[tool start] write

[tool end] write: ok

[tool start] bash

[tool end] bash: ok

[tool start] write

[tool end] write: ok

[tool start] write

[tool end] write: ok

[tool start] write

[tool end] write: ok

[tool start] write

[tool end] write: ok

[tool start] bash

[tool end] bash: ok

[tool start] write

[tool end] write: ok

[tool start] write

[tool end] write: ok

[tool start] bash

[tool end] bash: ok

[tool start] bash

[tool end] bash: ok

[tool start] bash

[tool end] bash: ok

[tool start] bash

[tool end] bash: ok

[tool start] bash

[tool end] bash: ok

[tool start] bash

[tool end] bash: ok

[tool start] bash

[tool end] bash: ok

[tool start] bash

[tool end] bash: ok

[tool start] bash

[tool end] bash: ok

[tool start] bash

[tool end] bash: ok

[tool start] bash

[tool end] bash: ok

[tool start] bash

[tool end] bash: ok

[tool start] bash

[tool end] bash: ok

[tool start] read

[tool end] read: ok

[tool start] read

[tool end] read: ok

[tool start] edit

[tool end] edit: ok

[tool start] bash

[tool end] bash: ok

[tool start] bash

[tool end] bash: ok

[tool start] bash

[tool end] bash: ok

[tool start] bash

[tool end] bash: ok

[tool start] bash

[tool end] bash: ok

[tool start] bash

[tool end] bash: ok

[tool start] bash

[tool end] bash: ok

[tool start] bash

[tool end] bash: ok

[tool start] bash

[tool end] bash: ok

[tool start] bash

[tool end] bash: error

[tool start] bash

[tool end] bash: error

[tool start] write

[tool end] write: ok

[tool start] bash

[tool end] bash: ok

[tool start] bash

[tool end] bash: ok

[tool start] bash

[tool end] bash: ok

[tool start] bash

[tool end] bash: ok

[tool start] write

[tool end] write: ok

[tool start] write

[tool end] write: ok

[tool start] bash

[tool end] bash: error

[tool start] read

[tool end] read: ok

[tool start] bash

[tool end] bash: ok

[tool start] bash

[tool end] bash: ok

[tool start] bash

[tool end] bash: ok

[tool start] bash

[tool end] bash: ok

[tool start] bash

[tool end] bash: ok

[tool start] bash

[tool end] bash: ok
I’ve built the **NFCorpus Live Retrieval Diagnostics Workbench** in `/Users/lily/dev/pi-bench/anserini-nfcorpus/kimi-workspace/`.

### What was created

| File | Purpose |
|------|---------|
| `app.py` | Flask backend that downloads/verifies Anserini, builds the NFCorpus index, runs BM25 evaluation, and exposes live search + metrics APIs |
| `static/index.html` | Diagnostics dashboard UI (readiness, search, evaluation, commands/artifacts) |
| `static/app.js` | Frontend logic with polling, live search, and metric comparison |
| `Dockerfile` | Render-deployable Docker image (pre-downloads fatjar, runs `python app.py`) |
| `requirements.txt` | Python dependencies (Flask, pytest, playwright) |
| `tests/test_app.py` | Playwright end-to-end test proving real Anserini workflows |
| `README.md` | Setup, deployment, and API documentation |
| `.gitignore` / `.dockerignore` | Keep runtime caches and logs out of version control |

### How it works

1. **Startup** runs in a background thread:
   - Verifies Java 21
   - Downloads the Anserini fatjar from Maven Central
   - Runs the CACM smoke test to verify the jar
   - Downloads the NFCorpus BEIR dataset (~2.4 MB)
   - Builds a local Lucene index with `IndexCollection` + `BeirFlatCollection`
   - Runs `SearchCollection` over `beir-nfcorpus` topics with BM25
   - Evaluates with `TrecEval` (nDCG@10, R@100, R@1000)
   - Compares observed vs. expected metrics (all passing)

2. **Live search** uses `io.anserini.cli.Search --json` against the local index and returns ranked results with doc IDs, scores, titles, and text snippets.

3. **Evaluation** exposes observed metrics, expected targets, deltas, and pass/close/fail status. A **Verify/Rerun** button re-runs `SearchCollection` + `TrecEval` from scratch.

4. **Transparency**: every step records the exact shell command and output artifact paths, all visible in the browser.

### Verification results

- **All 6 Playwright tests pass**, including:
  - Health endpoint returns `search_available: true` and `evaluation_available: true`
  - Live query returns real ranked results with `DocID`, `Score`, and document text
  - Evaluation panel shows numeric observed metrics (`0.3218`, `0.2457`, `0.3704`)
  - Expected-vs-observed comparison shows **Pass** for all metrics
  - Exact Anserini commands and artifact paths are visible in the UI
  - Docker/Render readiness contract (`0.0.0.0`, `PORT`) is documented

Let me know if you’d like any adjustments!