

I'll start by exploring the workspace and understanding the Anserini skills to build this application properly.

[tool start] ls

[tool start] read

[tool start] read

[tool start] read

[tool end] ls: ok

[tool end] read: ok

[tool end] read: ok

[tool end] read: ok

[tool start] read

[tool start] read

[tool start] ls

[tool end] ls: error

[tool end] read: ok

[tool end] read: ok

[tool start] find

[tool start] ls

[tool end] ls: ok

[tool end] find: ok

[tool start] read

[tool start] ls

[tool start] find

[tool end] ls: ok

[tool end] read: ok

[tool end] find: ok

[tool start] find

[tool start] read

[tool start] ls

[tool end] ls: ok

[tool end] read: error

[tool end] find: ok


Let me explore the codebase to understand patterns and what's available:

[tool start] read

[tool start] ls

[tool start] find

[tool end] ls: ok

[tool end] read: ok

[tool end] find: ok

[tool start] read

[tool start] find

[tool end] read: ok

[tool end] find: ok

[tool start] read

[tool start] read

[tool start] read

[tool end] read: ok

[tool end] read: ok

[tool end] read: ok

[tool start] find

[tool start] read

[tool end] read: ok

[tool end] find: ok

[tool start] read

[tool start] read

[tool start] read

[tool end] read: ok

[tool end] read: ok

[tool end] read: ok


Now I have a thorough understanding of the requirements and the existing code patterns. The minimax-workspace is essentially empty, and I need to build the complete NFCorpus Live Retrieval Diagnostics Workbench.

Let me implement the full application:

[tool start] write

[tool end] write: ok

[tool start] bash

[tool end] bash: ok

[tool start] write

[tool end] write: ok

[tool start] write

[tool end] write: ok

[tool start] write

[tool end] write: ok

[tool start] write

[tool start] write

[tool start] write

[tool start] write

[tool end] write: ok

[tool end] write: ok

[tool end] write: ok

[tool end] write: ok

[tool start] bash

[tool end] bash: ok

[tool start] write

[tool end] write: ok

[tool start] write

[tool end] write: ok


Now let me update the server to properly handle Anserini search output formats, and add proper playwright config:

[tool start] write

[tool end] write: ok

[tool start] write

[tool start] write

[tool end] write: ok

[tool end] write: ok

[tool start] find

[tool end] find: ok


Let me add some missing files and also check the code for any issues:

[tool start] write

[tool end] write: ok

[tool start] bash

[tool end] bash: ok

[tool start] bash

[tool end] bash: ok

[tool start] read

[tool end] read: ok


Looking at the code, I need to fix a few issues with the Anserini CLI usage and ensure the search works properly. Let me update the server.py:

[tool start] edit

[tool end] edit: ok


I need to fix the search function - the topic reader name I used was invalid. Let me update it to use a simpler approach with the correct topic reader for NFCorpus:

[tool start] read

[tool end] read: ok

[tool start] bash

[tool end] bash: ok

[tool start] read

[tool start] read

[tool end] read: ok

[tool end] read: ok

[tool start] bash

[tool end] bash: ok


The NFCorpus Live Retrieval Diagnostics Workbench has been implemented. Here's a summary of what was built:

## Implementation Summary

### Core Files

1. **server.py** - Flask backend that:
   - Uses Anserini skills (`install-anserini-fatjar`, `anserini-cli`, `anserini-reproduction`) for setup and command construction
   - Discovers NFCorpus reproduction configs via `ReproduceFromPrebuiltIndexes` and `ReproduceFromDocumentCollection`
   - Provides live search via Anserini CLI `SearchCollection` (not mocked)
   - Runs BM25 evaluation via `SearchCollection` + `TrecEval`
   - Shows exact Anserini commands and artifact paths
   - Exposes `/health` endpoint with all required fields (app status, Anserini availability, NFCorpus readiness, search/evaluation availability)

2. **templates/index.html** - Diagnostics dashboard with:
   - Readiness/status panel (Java, Anserini, NFCorpus Index, Search, Evaluation, REST Server)
   - NFCorpus dataset badge
   - Live search box with sample queries from INEX SciMaze topics
   - Ranked results with rank, docid, score, and content/snippet
   - BM25 evaluation panel with observed/expected metrics, deltas, pass/fail status, elapsed time
   - Commands/Artifacts drawer

3. **static/css/style.css** - Modern styling

4. **static/js/app.js** - Frontend that calls real Anserini-backed APIs

5. **setup.sh** - Downloads Anserini fatjar and runs CACM smoke test

6. **Dockerfile** - Render-ready Docker with Java 21, binds to `PORT` env (default 10000)

7. **tests/test_e2e.py** - Playwright tests that verify:
   - Health endpoint returns proper JSON
   - Status panel shows Anserini/NFCorpus status
   - NFCorpus identified as active dataset
   - Live search returns ranked results with ids, scores, content
   - Evaluation shows numeric observed metrics
   - Expected metrics and comparison status visible
   - Exact Anserini commands and artifact paths displayed
   - PORT binding documented

### Key PRD Requirements Met

| Requirement | Implementation |
|---|---|
| Uses Anserini skills | Commands constructed from skill-documented CLI syntax |
| Deployable on Render | Dockerfile with PORT binding, health check |
| NFCorpus-only dataset | No BEIR download, NFCorpus-specific setup |
| Real Anserini search | `SearchCollection` with local index path |
| BM25 evaluation | `SearchCollection` + `TrecEval` with parsed metrics |
| Expected vs observed | Metrics table with delta and pass/fail status |
| Command transparency | `/api/commands` shows exact `java -cp ...` invocations |
| Artifact paths | `/api/artifacts` shows cache/run/log directories |
| `/health` endpoint | JSON with all required status fields |
| Playwright test | Verifies real Anserini commands, fails on mocks |