I'll start by reading the relevant skill files and exploring the codebase to understand the existing structure.

[tool start] read

[tool start] read

[tool start] read

[tool start] ls

[tool end] ls: ok

[tool end] read: ok

[tool end] read: ok

[tool end] read: ok

[tool start] ls

[tool start] ls

[tool start] bash

[tool end] ls: ok

[tool end] ls: ok

[tool end] bash: ok

[tool start] find

[tool start] bash

[tool end] find: ok

[tool end] bash: ok

[tool start] read

[tool start] ls

[tool start] bash

[tool end] ls: ok

[tool end] read: ok

[tool end] bash: ok

[tool start] read

[tool end] read: ok

[tool start] find

[tool start] find

[tool start] find

[tool end] find: ok

[tool end] find: ok

[tool end] find: ok

[tool start] bash

[tool start] find

[tool start] find

[tool end] bash: error

[tool end] find: ok

[tool end] find: ok

[tool start] bash

[tool end] bash: ok

[tool start] find

[tool end] find: ok

[tool start] read

[tool start] read

[tool end] read: ok

[tool end] read: ok

[tool start] find

[tool start] find

[tool end] find: ok

[tool end] find: ok

[tool start] bash

[tool start] bash

[tool start] bash

[tool end] bash: error

[tool end] bash: error

[tool end] bash: error

[tool start] bash

[tool start] bash

[tool end] bash: ok

[tool end] bash: ok


Now I have a clear picture. The `minimax-workspace` in `anserini-evaluator` has:
- A PRD requiring a local web app for Anserini index browsing and retrieval evaluation
- Anserini fatjar already present (`anserini-2.1.1-fatjar.jar`)
- A `runs/` directory with past evaluation outputs
- No actual server code (only a `server.log` showing a Flask app ran before)

The existing `anserini-frontend/minimax-workspace/nextjs-app` uses the REST API which conflicts with the PRD requirement to use CLI commands. I need to build the app from scratch in the correct workspace.

Let me start by setting up the project structure and verifying the Anserini setup:

[tool start] bash

[tool start] bash

[tool start] bash

[tool end] bash: ok

[tool end] bash: ok

[tool end] bash: ok

[tool start] bash

[tool start] bash

[tool end] bash: ok

[tool end] bash: ok

[tool start] bash

[tool end] bash: ok

[tool start] bash

[tool start] bash

[tool end] bash: ok

[tool end] bash: ok


Now I understand the situation. The `minimax-workspace` has logs showing a Flask app was built and tested, but the source code is missing. The PRD wants an "Anserini Prebuilt Index Evaluator" - a local web app for browsing indexes and running retrieval evaluations with CACM as the default dataset.

Let me build the full application from scratch. I'll start with the Flask backend, then the HTML/JS frontend, and finally a Playwright e2e test.

[tool start] write

[tool end] write: ok

[tool start] bash

[tool end] bash: ok

[tool start] write

[tool end] write: ok

[tool start] write

[tool end] write: ok

[tool start] write

[tool end] write: ok

[tool start] bash

[tool end] bash: ok

[tool start] write

[tool end] write: ok

[tool start] bash

[tool end] bash: ok

[tool start] bash

[tool start] bash

[tool end] bash: ok

[tool end] bash: ok

[tool start] bash

[tool end] bash: ok

[tool start] edit

[tool end] edit: ok

[tool start] bash

[tool end] bash: ok

[tool start] bash

[tool end] bash: ok

[tool start] read

[tool end] read: ok

[tool start] bash

[tool end] bash: ok

[tool start] read

[tool end] read: ok

[tool start] bash

[tool end] bash: ok

[tool start] bash

[tool end] bash: ok

[tool start] bash

[tool start] bash

[tool end] bash: ok

[tool end] bash: ok

[tool start] bash

[tool start] bash

[tool end] bash: ok

[tool end] bash: ok

[tool start] bash

[tool end] bash: ok

[tool start] bash

[tool end] bash: ok

[tool start] bash

[tool end] bash: error

[tool start] bash

[tool start] bash

[tool end] bash: ok

[tool end] bash: ok

[tool start] bash

[tool end] bash: ok

[tool start] bash

[tool end] bash: ok

[tool start] edit

[tool end] edit: ok

[tool start] bash

[tool start] bash

[tool end] bash: ok

[tool end] bash: ok

[tool start] bash

[tool end] bash: error

[tool start] bash

[tool end] bash: ok

[tool start] bash

[tool end] bash: ok

[tool start] bash

[tool end] bash: ok

[tool start] edit

[tool end] edit: ok

[tool start] edit

[tool end] edit: ok

[tool start] bash

[tool end] bash: ok

[tool start] bash

[tool end] bash: error

[tool start] edit

[tool end] edit: ok

[tool start] bash

[tool end] bash: ok

[tool start] bash

[tool end] bash: error

[tool start] edit

[tool end] edit: error

[tool start] read

[tool end] read: ok

[tool start] edit

[tool end] edit: ok

[tool start] bash

[tool end] bash: error

[tool start] edit

[tool end] edit: error

[tool start] read

[tool end] read: ok

[tool start] edit

[tool end] edit: ok

[tool start] bash

[tool end] bash: ok


All tests pass. Let me verify the final file structure and provide a summary:

[tool start] bash

[tool start] find

[tool end] find: ok

[tool end] bash: ok


The implementation is complete. Let me provide a summary of what was built:

## Summary

### Files Created

**Backend:**
- `server.py` - Flask server that:
  - Uses Anserini fatjar CLI commands (`PrebuiltIndexRegistry`, `TopicsRegistry`, `SearchCollection`, `TrecEval`)
  - Fetches 109 prebuilt inverted indexes from Anserini registry
  - Discovers topics from TopicsRegistry
  - Runs BM25 retrieval and TrecEval evaluation
  - Handles metric name normalization (e.g., `ndcg_cut.10` → `ndcg_cut_10` in output)
  - Serves the frontend and API endpoints

**Frontend:**
- `templates/index.html` - Main HTML page with catalog browsing, evaluation config, and results display
- `static/css/style.css` - Clean styling with status indicators, index badges (evaluable vs catalog-only)
- `static/js/app.js` - Frontend logic for fetching registries, rendering index list, running evaluations

**Tests:**
- `tests/test_e2e.py` - Playwright end-to-end tests that verify:
  - Server health and jar availability
  - Catalog exposes 109 indexes (not hardcoded)
  - CACM is correctly paired with topics/qrels and has `nDCG@10` and `Recall@1000` metrics
  - Complete evaluation workflow returns a numeric score
  - Run metadata is displayed
  - Catalog-only indexes are visible and distinguishable

### Key Implementation Details

1. **Registry Discovery**: The app uses real Anserini CLI commands to discover indexes and topics, not hardcoded data.

2. **Evaluable Index Pairing**: Only `cacm` has a hardcoded topic/qrels pairing (`cacm` → `cacm`), but the app correctly identifies 108 other catalog-only indexes.

3. **Metric Support**: CACM supports MAP, P@30, NDCG@10, and Recall@1000 as configured in `METRICS_BY_QRELS`.

4. **Score Parsing**: The server correctly handles Anserini's trec_eval output format where metric names like `ndcg_cut.10` appear as `ndcg_cut_10` in output.

5. **End-to-End Verification**: All 5 Playwright tests pass, confirming the app works with real Anserini retrieval and evaluation.