
[tool start] read

[tool start] read

[tool start] read

[tool start] ls

[tool end] ls: ok

[tool end] read: ok

[tool end] read: ok

[tool end] read: ok

[tool start] find

[tool end] find: ok

[tool start] bash

[tool end] bash: ok

[tool start] bash

[tool end] bash: ok

[tool start] bash

[tool end] bash: ok

[tool start] bash

[tool end] bash: ok

[tool start] bash

[tool end] bash: ok

[tool start] bash

[tool end] bash: ok

[tool start] bash

[tool end] bash: ok

[tool start] bash

[tool end] bash: ok

[tool start] bash

[tool end] bash: ok

[tool start] bash

[tool end] bash: ok

[tool start] bash

[tool end] bash: ok

[tool start] bash

[tool end] bash: ok

[tool start] bash

[tool end] bash: ok

[tool start] bash

[tool end] bash: ok

[tool start] write

[tool end] write: ok

[tool start] write

[tool end] write: ok

[tool start] bash

[tool end] bash: ok

[tool start] write

[tool end] write: ok

[tool start] write

[tool end] write: ok

[tool start] write

[tool end] write: ok

[tool start] write

[tool end] write: ok

[tool start] write

[tool end] write: ok

[tool start] write

[tool end] write: ok

[tool start] write

[tool end] write: ok

[tool start] write

[tool end] write: ok

[tool start] bash

[tool end] bash: ok

[tool start] bash

[tool end] bash: ok

[tool start] edit

[tool end] edit: ok

[tool start] bash

[tool end] bash: ok

[tool start] bash

[tool end] bash: ok

[tool start] bash

[tool end] bash: error

[tool start] edit

[tool end] edit: ok

[tool start] bash

[tool end] bash: ok

[tool start] bash

[tool end] bash: ok

[tool start] ls

[tool end] ls: ok

[tool start] bash

[tool end] bash: ok

[tool start] edit

[tool end] edit: ok

[tool start] edit

[tool end] edit: ok

[tool start] bash

[tool end] bash: ok

[tool start] bash

[tool end] bash: ok

[tool start] find

[tool end] find: ok

[tool start] edit

[tool end] edit: ok
Implemented the NFCorpus Live Retrieval Diagnostics Workbench.

Key files:
- `src/server.js` — Express backend running real Anserini fatjar, search, reproduction discovery, and BM25 evaluation commands.
- `public/` — diagnostics dashboard UI with readiness, live search, evaluation, commands/artifacts.
- `Dockerfile` — Render-ready Docker web service, binds `0.0.0.0:$PORT`, defaults to `10000`.
- `README.md` — local/Docker/Render instructions and cache notes.
- `tests/workbench.spec.js` — Playwright browser workflow verification.
- `package.json`, `playwright.config.js`

Validation:
- Ran `npm test`
- Playwright passed, exercising real Anserini-backed search/evaluation workflow.