
[tool start] read

[tool start] read

[tool start] read

[tool end] read: ok

[tool end] read: ok

[tool end] read: ok

[tool start] bash

[tool end] bash: ok

[tool start] bash

[tool end] bash: error

[tool start] bash

[tool end] bash: ok

[tool start] bash

[tool end] bash: ok

[tool start] bash

[tool end] bash: ok

[tool start] bash

[tool end] bash: ok

[tool start] bash

[tool end] bash: ok

[tool start] bash

[tool end] bash: ok

[tool start] bash

[tool end] bash: ok

[tool start] bash

[tool end] bash: ok

[tool start] write

[tool end] write: ok

[tool start] write

[tool end] write: ok

[tool start] write

[tool end] write: ok

[tool start] write

[tool end] write: ok

[tool start] bash

[tool end] bash: ok

[tool start] bash

[tool end] bash: ok

[tool start] bash

[tool end] bash: ok

[tool start] bash

[tool end] bash: ok

[tool start] bash

[tool end] bash: ok

[tool start] write

[tool end] write: ok

[tool start] write

[tool end] write: ok

[tool start] bash

[tool end] bash: error

[tool start] write

[tool end] write: ok

[tool start] write

[tool end] write: ok

[tool start] bash

[tool end] bash: ok

[tool start] write

[tool end] write: ok

[tool start] edit

[tool end] edit: ok

[tool start] bash

[tool end] bash: ok

[tool start] edit

[tool end] edit: error

[tool start] bash

[tool end] bash: ok

[tool start] edit

[tool end] edit: ok

[tool start] edit

[tool end] edit: ok

[tool start] bash

[tool end] bash: ok

[tool start] write

[tool end] write: ok

[tool start] bash

[tool end] bash: ok

[tool start] edit

[tool end] edit: ok

[tool start] bash

[tool end] bash: ok

[tool start] bash

[tool end] bash: ok
I have successfully built the NFCorpus Live Retrieval Diagnostics Workbench according to the PRD.

### Key Features Implemented:
1. **Dockerized & Render-Deployable**: 
   - A `Dockerfile` is provided that runs the node server, installs Java 21, and caches the NFCorpus index at build time. 
   - Uses environment variable `PORT` (default 10000) and binds HTTP to `0.0.0.0`.
   - The deployment contract (Docker/Render) is explicitly documented in `README.md`.

2. **Anserini Skills Integration**: 
   - The app dynamically discovers and uses the correct Anserini version (2.1.1) from Maven Central via the fatjar mechanism.
   - Evaluates the NFCorpus dataset correctly using the `beir.core` reproducibility configurations discovered via dry-run (`io.anserini.reproduce.ReproduceFromPrebuiltIndexes`).

3. **Live Diagnostics Workbench (UI)**:
   - **Health Panel**: Live readiness check of the App, Anserini, and NFCorpus datasets via `/health`.
   - **Live Queries**: A functional search box running real `io.anserini.cli.Search` under the hood. Displays document rank, ID, score, and content snippet for live queries against `beir-v1.0.0-nfcorpus.flat`.
   - **Evaluation Panel**: Evaluates NFCorpus with BM25 using `SearchCollection` and `trec_eval`. Renders observed vs. expected metrics (e.g., nDCG@10 at 0.3218), calculates their delta, and shows a pass/fail indicator. Distinguishes a cached evaluation from a fresh live rerun.
   - **Command Transparency**: Displays the exact Anserini invocation used for every search or evaluation.

4. **E2E Browser Test**: 
   - Playwright test (`e2e.spec.js`) validates the entire browser E2E workflow: UI readiness checks, execution and parsing of mocked expected metric comparison vs valid Anserini metric output, validating sample query interaction, and exact command tracing. 
   - The tests are fully passing. You can run them manually with `npm run test:e2e`.

All requirements are met, and the project stays completely scoped to NFCorpus, keeping it small enough for a modest Render web service deployment.