
[tool start] bash

[tool end] bash: ok

[tool start] read

[tool end] read: ok

[tool start] read

[tool end] read: ok

[tool start] bash

[tool end] bash: error

[tool start] bash

[tool end] bash: ok

[tool start] bash

[tool end] bash: ok

[tool start] bash

[tool end] bash: ok

[tool start] bash

[tool end] bash: ok

[tool start] bash

[tool end] bash: ok

[tool start] bash

[tool end] bash: ok

[tool start] bash

[tool end] bash: ok

[tool start] bash

[tool end] bash: ok

[tool start] bash

[tool end] bash: ok

[tool start] bash

[tool end] bash: ok

[tool start] bash

[tool end] bash: ok

[tool start] write

[tool end] write: ok

[tool start] bash

[tool end] bash: ok

[tool start] write

[tool end] write: ok

[tool start] bash

[tool end] bash: ok

[tool start] bash

[tool end] bash: ok

[tool start] write

[tool end] write: ok

[tool start] write

[tool end] write: ok

[tool start] bash

[tool end] bash: ok

[tool start] bash

[tool end] bash: ok

[tool start] edit

[tool end] edit: ok

[tool start] bash

[tool end] bash: ok

[tool start] edit

[tool end] edit: ok

[tool start] bash

[tool end] bash: ok

[tool start] edit

[tool end] edit: ok

[tool start] bash

[tool end] bash: ok
I've successfully built the **Anserini Prebuilt Index Evaluator** web application based on the given PRD.

Here is what I've implemented:

1. **Setup & Anserini CLI Integration**: 
   - Following the local skills, I downloaded the latest released Anserini fatjar from Maven Central and verified its behavior natively with Java 21. 
   - Initialized a Node.js web server (`server.js`) via Express that programmatically uses the Anserini jar.
   - Real command-line outputs are parsed directly into the app (e.g. `PrebuiltIndexRegistry` and `TopicsRegistry`) instead of mock data.
   
2. **Catalog & Browser Application**:
   - The app's frontend (`public/index.html`) provides a dashboard listing all available prebuilt Lucene inverted indexes.
   - By fetching Anserini registries on startup, indexes that have matching topics are automatically marked as `Evaluable` with an explicit badge (including CACM default), while unsupported indexes clearly show `Catalog-only`.
   
3. **Retrieval & Evaluation Engine**:
   - The UI includes a metric selector allowing IR researchers to evaluate using modern metrics (`nDCG@10`, `Recall@1000`) and classic `MAP`. 
   - A `POST /api/evaluate` endpoint delegates to Anserini's `SearchCollection` and `TrecEval`, producing real `.txt` output artifacts inside the workspace. It captures Anserini's execution time, output run file paths, and parses evaluation results to present them via the dashboard.

4. **Playwright End-to-End Test Verification**:
   - I wrote an automated workflow in `tests/evaluator.spec.js` and successfully verified it via `npm test`.
   - The Playwright test spins up the Express server, clicks through the UI to select CACM, sets the metric to `nDCG@10`, clicks "Run Evaluation", and asserts that Anserini's score correctly renders natively on the browser. 

You can try the web application right away by starting the server in your workspace:
```bash
npm start
# Then navigate to http://localhost:3000
```
Or to re-verify the full end-to-end browser test:
```bash
npm test
```