
[tool start] bash

[tool start] read

[tool start] read

[tool start] read

[tool end] read: ok

[tool end] read: ok

[tool end] read: ok

[tool end] bash: ok

[tool start] read

[tool start] bash

[tool end] read: ok

[tool end] bash: ok

[tool start] bash

[tool start] bash

[tool start] bash

[tool end] bash: ok

[tool end] bash: ok

[tool end] bash: ok

[tool start] bash

[tool start] bash

[tool end] bash: ok

[tool end] bash: ok
Now let me check the environment:
[tool start] bash

[tool start] bash

[tool start] bash

[tool end] bash: ok

[tool end] bash: ok

[tool end] bash: ok

[tool start] bash

[tool end] bash: ok

[tool start] bash

[tool end] bash: ok

[tool start] bash

[tool end] bash: ok

[tool start] bash

[tool end] bash: ok

[tool start] bash

[tool end] bash: ok
Now let me explore the registry outputs:
[tool start] bash

[tool end] bash: ok

[tool start] bash

[tool end] bash: ok

[tool start] bash

[tool end] bash: ok

[tool start] bash

[tool end] bash: ok

[tool start] bash

[tool end] bash: ok

[tool start] bash

[tool end] bash: ok

[tool start] bash

[tool end] bash: ok

[tool start] bash

[tool end] bash: error

[tool start] bash

[tool end] bash: ok

[tool start] bash

[tool end] bash: ok

[tool start] bash

[tool end] bash: ok
Good, I have all the info I need. Now let me check the TrecEval metric syntax for nDCG and recall:
[tool start] bash

[tool end] bash: ok
Now I have all the information I need. Let me build the application. I'll create:

1. `package.json` - project manifest
2. `server.js` - Express backend
3. `public/index.html` - Frontend UI
4. `playwright.config.js` - Playwright config
5. `e2e/app.spec.js` - E2E test
[tool start] write

[tool end] write: ok
Now let me create the server:
[tool start] write

[tool end] write: ok
Now the frontend:
[tool start] bash

[tool end] bash: ok

[tool start] write

[tool end] write: ok
Now the Playwright config and test:
[tool start] write

[tool end] write: ok

[tool start] bash

[tool end] bash: ok

[tool start] write

[tool end] write: ok
Now let me test the server:
[tool start] bash

[tool end] bash: ok

[tool start] bash

[tool end] bash: ok
The server works. Now let me test the evaluate endpoint:
[tool start] bash

[tool end] bash: error
The evaluate endpoint should be `/api/evaluate`:
[tool start] bash

[tool end] bash: ok
Everything works. Now let me install the Playwright browser and run the test:
[tool start] bash

[tool end] bash: ok

[tool start] bash

[tool end] bash: ok
Good, Chromium is already installed. Let me run the Playwright tests:
[tool start] bash

[tool end] bash: error
The `toHaveCount` syntax with `{ min: 5 }` doesn't work in this Playwright version. Let me fix the test:
[tool start] edit

[tool end] edit: ok

[tool start] bash

[tool end] bash: ok
All 4 tests pass. Let me verify the final file structure:
[tool start] bash

[tool end] bash: ok
Let me clean up the run file that was generated during the smoke test:
[tool start] bash

[tool end] bash: ok
Let me do a final review of all project files:
[tool start] read

[tool start] read

[tool start] read

[tool start] read

[tool start] read

[tool end] read: ok

[tool end] read: ok

[tool end] read: ok

[tool end] read: ok

[tool end] read: ok
Everything looks good. Let me run the tests one final time to confirm a clean pass:
[tool start] bash

[tool end] bash: ok
All 4 tests pass. Here's a summary of what was built:

## Anserini Prebuilt Index Evaluator

### Files Created

| File | Purpose |
|------|---------|
| `package.json` | Project manifest with start/test scripts |
| `server.js` | Express backend server (API + static file serving) |
| `public/index.html` | Single-page frontend UI with dark theme |
| `playwright.config.js` | Playwright test configuration |
| `e2e/app.spec.js` | 4 end-to-end browser tests |
| `anserini-2.1.1-fatjar.jar` | Anserini fatjar downloaded from Maven Central |

### Architecture

- **Backend** (`server.js`): Express server with 4 API endpoints:
  - `GET /api/indexes` — queries Anserini's `PrebuiltIndexRegistry --type inverted` for the full catalog of 109 prebuilt Lucene inverted indexes
  - `GET /api/evaluable` — returns evaluable index configs (currently CACM with its topics, qrels, and supported metrics)
  - `GET /api/topics` — queries Anserini's `TopicsRegistry`
  - `GET /api/evaluate` — runs `SearchCollection` (retrieval) then `TrecEval` (evaluation) and returns the score + metadata

- **Frontend** (`public/index.html`): Dark-themed single-page dashboard with:
  - Searchable index catalog showing all 109 inverted indexes from the registry
  - Each index tagged as `EVALUABLE` or `CATALOG` based on pairing availability
  - CACM auto-selected on load with topic/qrels/metric info displayed
  - Metric selector with nDCG@10, Recall@1000, MAP, P@30
  - Run Evaluation button with progress indicator
  - Results card showing numeric score, run metadata, eval output, and run file preview

- **E2E Tests** (4 tests, all passing):
  1. Loads the catalog and verifies ≥5 indexes from the registry
  2. Confirms catalog-only indexes exist alongside evaluable ones
  3. Verifies CACM auto-selection, metric options (nDCG@10/Recall@1000), and evaluation panel
  4. Runs full CACM evaluation end-to-end and verifies numeric score, metadata, and artifacts

### Running

```bash
node server.js          # Start at http://localhost:3000
npx playwright test     # Run E2E tests
```