
[tool start] read

[tool start] read

[tool start] read

[tool end] read: ok

[tool end] read: ok

[tool end] read: ok

[tool start] ls

[tool start] find

[tool end] ls: ok

[tool end] find: ok

[tool start] ls

[tool end] ls: ok

[tool start] read

[tool end] read: ok

[tool start] bash

[tool end] bash: ok

[tool start] find

[tool end] find: ok

[tool start] bash

[tool end] bash: ok

[tool start] bash

[tool end] bash: ok

[tool start] bash

[tool start] bash

[tool start] bash

[tool start] bash

[tool end] bash: ok

[tool end] bash: ok

[tool end] bash: ok

[tool end] bash: ok

[tool start] bash

[tool end] bash: ok

[tool start] bash

[tool end] bash: ok

[tool start] bash

[tool end] bash: ok

[tool start] ls

[tool end] ls: ok

[tool start] bash

[tool end] bash: ok

[tool start] bash

[tool end] bash: ok

[tool start] write

[tool end] write: ok

[tool start] write

[tool end] write: ok

[tool start] write

[tool end] write: ok

[tool start] write

[tool end] write: ok

[tool start] write

[tool end] write: ok

[tool start] write

[tool end] write: ok

[tool start] write

[tool end] write: ok

[tool start] edit

[tool end] edit: ok

[tool start] bash

[tool end] bash: ok

[tool start] bash

[tool end] bash: ok

[tool start] bash

[tool end] bash: ok

[tool start] bash

[tool end] bash: ok

[tool start] find

[tool end] find: ok

[tool start] ls

[tool end] ls: ok

[tool start] ls

[tool end] ls: ok

[tool start] edit

[tool end] edit: ok

[tool start] bash

[tool end] bash: ok

[tool start] read

[tool end] read: ok

[tool start] bash

[tool end] bash: ok

[tool start] write

[tool end] write: ok

[tool start] bash

[tool end] bash: ok

[tool start] bash

[tool end] bash: ok

[tool start] write

[tool end] write: ok

[tool start] bash

[tool end] bash: ok

[tool start] bash

[tool end] bash: ok

[tool start] edit

[tool end] edit: ok

[tool start] bash

[tool end] bash: ok

[tool start] bash

[tool end] bash: ok
Implemented the Anserini prebuilt index evaluator.

Key files:
- `server.js` — Express API using real Anserini CLI commands for registry discovery, CACM retrieval, and `TrecEval`.
- `public/` — browser dashboard with searchable catalog, CACM default selection, metric selector, run status, score, and artifact metadata/previews.
- `tests/e2e.spec.js` — Playwright e2e test that verifies registry-derived catalog data and independently re-runs Anserini evaluation against the generated run file.
- `playwright.config.js`, `package.json`, `README.md`
- Downloaded fatjar: `anserini-2.1.1-fatjar.jar`

Verified:
- Java 21 available.
- Fatjar downloaded from Maven Central.
- CACM smoke test works.
- `npm run test:e2e` passes.